Loading market data...
  730 trading days in [2023-07-01, 2026-05-30]
Rebuilding OR/POC weekly signals (cache-hit, no new API calls)...
  612 signal days -> probing/fetching real WEEKLY intraday quotes (cache-first, strike probe + one call/day covering entry->13:30)...
    25/612 fetched  (api_calls=0, api_time=0.0s)
    50/612 fetched  (api_calls=0, api_time=0.0s)
    75/612 fetched  (api_calls=0, api_time=0.0s)
    100/612 fetched  (api_calls=0, api_time=0.0s)
    125/612 fetched  (api_calls=0, api_time=0.0s)
    150/612 fetched  (api_calls=0, api_time=0.0s)
    175/612 fetched  (api_calls=0, api_time=0.0s)
    200/612 fetched  (api_calls=0, api_time=0.0s)
    225/612 fetched  (api_calls=0, api_time=0.0s)
    250/612 fetched  (api_calls=0, api_time=0.0s)
    275/612 fetched  (api_calls=0, api_time=0.0s)
    300/612 fetched  (api_calls=0, api_time=0.0s)
    325/612 fetched  (api_calls=0, api_time=0.0s)
    350/612 fetched  (api_calls=0, api_time=0.0s)
    375/612 fetched  (api_calls=0, api_time=0.0s)
    400/612 fetched  (api_calls=0, api_time=0.0s)
    425/612 fetched  (api_calls=0, api_time=0.0s)
    450/612 fetched  (api_calls=0, api_time=0.0s)
    475/612 fetched  (api_calls=0, api_time=0.0s)
    500/612 fetched  (api_calls=0, api_time=0.0s)
    525/612 fetched  (api_calls=0, api_time=0.0s)
    550/612 fetched  (api_calls=0, api_time=0.0s)
    575/612 fetched  (api_calls=0, api_time=0.0s)
    600/612 fetched  (api_calls=0, api_time=0.0s)
  OR/POC weekly (low+med 0DTE-volume filtered) N= 378  WR=  38.1%  PF=  1.36  Total P&L=$ +3,139.00
  AMD fade-breakout (best combo)             N= 602  WR=  28.1%  PF=  1.19  Total P&L=$ +3,838.00
  VWAP Trend Continuation (best combo)       N= 621  WR=  31.2%  PF=  1.12  Total P&L=$ +2,247.00

==========================================================================================
  OVERLAP MATRIX (A=OR/POC filtered, B=AMD, C=VTC)
==========================================================================================
  A only (OR/POC only)        13 days  (  1.8% of 730 trading days)
  B only (AMD only)           27 days  (  3.7% of 730 trading days)
  C only (VTC only)           30 days  (  4.1% of 730 trading days)
  A & B only                  36 days  (  4.9% of 730 trading days)
  A & C only                  52 days  (  7.1% of 730 trading days)
  B & C only                 262 days  ( 35.9% of 730 trading days)
  A & B & C (all three)      277 days  ( 37.9% of 730 trading days)
  none fired                  33 days  (  4.5% of 730 trading days)
  A total days: 378   B total days: 602   C total days: 621

==========================================================================================
  STANDALONE (fired alone) vs OVERALL performance
==========================================================================================

  OR/POC weekly filtered
    OVERALL  N= 378  WR=  38.1%  PF=  1.36  Total P&L=$+3,139.00
    ALONE    N=  13  WR=  84.6%  PF= 36.07  Total P&L=$+1,578.00
    OVERLAP  N= 365  WR=  36.4%  PF=  1.18  Total P&L=$+1,561.00

  AMD fade-breakout
    OVERALL  N= 602  WR=  28.1%  PF=  1.19  Total P&L=$+3,838.00
    ALONE    N=  27  WR=  44.4%  PF=  6.66  Total P&L=$+2,692.00
    OVERLAP  N= 575  WR=  27.3%  PF=  1.06  Total P&L=$+1,146.00

  VWAP Trend Continuation
    OVERALL  N= 621  WR=  31.2%  PF=  1.12  Total P&L=$+2,247.00
    ALONE    N=  30  WR=  70.0%  PF=  5.40  Total P&L=$+1,634.00
    OVERLAP  N= 591  WR=  29.3%  PF=  1.03  Total P&L=$  +613.00

==========================================================================================
  BASKET (equal-weight, 1 contract per signal, all three combined)
==========================================================================================
  BASKET  N=1601  WR=  31.7%  PF=  1.19  Total P&L=$ +9,224.00

  Daily P&L volatility (std dev of $ P&L per trading day, 730 days):
    OR/POC filtered   std=$  69.85  mean=$  4.30  sharpe-like=  0.98
    AMD               std=$ 101.32  mean=$  5.26  sharpe-like=  0.82
    VTC               std=$  87.59  mean=$  3.08  sharpe-like=  0.56
    BASKET            std=$ 160.58  mean=$ 12.64  sharpe-like=  1.25

  Contract cost context: min=$91  median=$297  mean=$324  max=$1534

==========================================================================================
  $500 STARTING CAPITAL - event-driven simulation (real entry/exit minutes)
==========================================================================================

  OR/POC weekly filtered
    Final equity: $  3,639.00   Total return:  +627.8%
    Max drawdown: $  1,732.00   (44.8% of peak)
    Trades taken:  378   Skipped (insufficient capital): 0

  AMD fade-breakout
    Final equity: $     97.00   Total return:   -80.6%
    Max drawdown: $    987.00   (99.1% of peak)
    Trades taken:  105   Skipped (insufficient capital): 497

  VWAP Trend Continuation
    Final equity: $  2,747.00   Total return:  +449.4%
    Max drawdown: $  2,669.00   (77.2% of peak)
    Trades taken:  621   Skipped (insufficient capital): 0

  BASKET (shared $500)
    Final equity: $  9,723.00   Total return: +1844.6%
    Max drawdown: $  3,115.00   (30.0% of peak)
    Trades taken: 1599   Skipped (insufficient capital): 2

==========================================================================================
  $1,000 STARTING CAPITAL - event-driven simulation (real entry/exit minutes)
==========================================================================================

  OR/POC weekly filtered
    Final equity: $  4,139.00   Total return:  +313.9%
    Max drawdown: $  1,732.00   (39.6% of peak)
    Trades taken:  378   Skipped (insufficient capital): 0

  AMD fade-breakout
    Final equity: $  4,838.00   Total return:  +383.8%
    Max drawdown: $  2,090.00   (37.8% of peak)
    Trades taken:  602   Skipped (insufficient capital): 0

  VWAP Trend Continuation
    Final equity: $  3,247.00   Total return:  +224.7%
    Max drawdown: $  2,669.00   (67.4% of peak)
    Trades taken:  621   Skipped (insufficient capital): 0

  BASKET (shared $1,000)
    Final equity: $ 10,224.00   Total return:  +922.4%
    Max drawdown: $  3,115.00   (28.7% of peak)
    Trades taken: 1601   Skipped (insufficient capital): 0

==========================================================================================
  $2,500 STARTING CAPITAL - event-driven simulation (real entry/exit minutes)
==========================================================================================

  OR/POC weekly filtered
    Final equity: $  5,639.00   Total return:  +125.6%
    Max drawdown: $  1,732.00   (29.5% of peak)
    Trades taken:  378   Skipped (insufficient capital): 0

  AMD fade-breakout
    Final equity: $  6,338.00   Total return:  +153.5%
    Max drawdown: $  2,090.00   (29.7% of peak)
    Trades taken:  602   Skipped (insufficient capital): 0

  VWAP Trend Continuation
    Final equity: $  4,747.00   Total return:   +89.9%
    Max drawdown: $  2,669.00   (48.9% of peak)
    Trades taken:  621   Skipped (insufficient capital): 0

  BASKET (shared $2,500)
    Final equity: $ 11,724.00   Total return:  +369.0%
    Max drawdown: $  3,115.00   (25.2% of peak)
    Trades taken: 1601   Skipped (insufficient capital): 0

==========================================================================================
  $5,000 STARTING CAPITAL - event-driven simulation (real entry/exit minutes)
==========================================================================================

  OR/POC weekly filtered
    Final equity: $  8,139.00   Total return:   +62.8%
    Max drawdown: $  1,732.00   (20.7% of peak)
    Trades taken:  378   Skipped (insufficient capital): 0

  AMD fade-breakout
    Final equity: $  8,838.00   Total return:   +76.8%
    Max drawdown: $  2,090.00   (21.9% of peak)
    Trades taken:  602   Skipped (insufficient capital): 0

  VWAP Trend Continuation
    Final equity: $  7,247.00   Total return:   +44.9%
    Max drawdown: $  2,669.00   (33.5% of peak)
    Trades taken:  621   Skipped (insufficient capital): 0

  BASKET (shared $5,000)
    Final equity: $ 14,224.00   Total return:  +184.5%
    Max drawdown: $  3,115.00   (20.9% of peak)
    Trades taken: 1601   Skipped (insufficient capital): 0

==========================================================================================
  $10,000 STARTING CAPITAL - event-driven simulation (real entry/exit minutes)
==========================================================================================

  OR/POC weekly filtered
    Final equity: $ 13,139.00   Total return:   +31.4%
    Max drawdown: $  1,732.00   (12.9% of peak)
    Trades taken:  378   Skipped (insufficient capital): 0

  AMD fade-breakout
    Final equity: $ 13,838.00   Total return:   +38.4%
    Max drawdown: $  2,090.00   (14.4% of peak)
    Trades taken:  602   Skipped (insufficient capital): 0

  VWAP Trend Continuation
    Final equity: $ 12,247.00   Total return:   +22.5%
    Max drawdown: $  2,669.00   (20.6% of peak)
    Trades taken:  621   Skipped (insufficient capital): 0

  BASKET (shared $10,000)
    Final equity: $ 19,224.00   Total return:   +92.2%
    Max drawdown: $  3,115.00   (15.7% of peak)
    Trades taken: 1601   Skipped (insufficient capital): 0

Wrote -> C:\Users\sagla\spy-0dte-trader\strategy_overlap_basket.json
